tele/Albert/LWT Online
tele/server/LWT Online
tele/Richard/LWT Online
tele/tesla/LWT Online
tele/peggy/LWT Online
tele/tv/LWT Offline
tele/fridge/LWT Offline
tasmota/discovery/08F9E063B92D/config {"ip":"192.168.2.168","dn":"Albert","fn":["sonoff1",null,null,null,null,null,null,null],"hn":"sonoff1","mac":"08F9E063B92D","md":"Sonoff S31","ty":0,"if":0,"ofln":"Offline","onln":"Online","state":["OFF","ON","TOGGLE","HOLD"],"sw":"14.2.0","t":"Albert","ft":"%prefix%/%topic%/","tp":["cmnd","stat","tele"],"rl":[1,0,0,0,0,0,0,0,0,0,0,0,0,0,0,0,0,0,0,0,0,0,0,0,0,0,0,0,0,0,0,0],"swc":[-1,-1,-1,-1,-1,-1,-1,-1,-1,-1,-1,-1,-1,-1,-1,-1,-1,-1,-1,-1,-1,-1,-1,-1,-1,-1,-1,-1],"swn":[null,null,null,null,null,null,null,null,null,null,null,null,null,null,null,null,null,null,null,null,null,null,null,null,null,null,null,null],"btn":[0,0,0,0,0,0,0,0,0,0,0,0,0,0,0,0,0,0,0,0,0,0,0,0,0,0,0,0,0,0,0,0],"so":{"4":0,"11":0,"13":0,"17":0,"20":0,"30":0,"68":0,"73":0,"82":0,"114":0,"117":0},"lk":0,"lt_st":0,"bat":0,"dslp":0,"sho":[],"sht":[],"ver":1}
tasmota/discovery/08F9E063B92D/sensors {"sn":{"Time":"2026-08-19T04:14:02","ENERGY":{"TotalStartTime":"2024-10-16T00:46:09","Total":136.086,"Yesterday":0.277,"Today":0.024,"Power":3,"ApparentPower":9,"ReactivePower":9,"Factor":0.31,"Voltage":117,"Current":0.080}},"ver":1}
tasmota/discovery/C8C9A33602B3/config {"ip":"192.168.2.123","dn":"Server","fn":["Server",null,null,null,null,null,null,null],"hn":"sonoff4","mac":"C8C9A33602B3","md":"Sonoff S31","ty":0,"if":0,"ofln":"Offline","onln":"Online","state":["OFF","ON","TOGGLE","HOLD"],"sw":"14.2.0","t":"server","ft":"%prefix%/%topic%/","tp":["cmnd","stat","tele"],"rl":[1,0,0,0,0,0,0,0,0,0,0,0,0,0,0,0,0,0,0,0,0,0,0,0,0,0,0,0,0,0,0,0],"swc":[-1,-1,-1,-1,-1,-1,-1,-1,-1,-1,-1,-1,-1,-1,-1,-1,-1,-1,-1,-1,-1,-1,-1,-1,-1,-1,-1,-1],"swn":[null,null,null,null,null,null,null,null,null,null,null,null,null,null,null,null,null,null,null,null,null,null,null,null,null,null,null,null],"btn":[0,0,0,0,0,0,0,0,0,0,0,0,0,0,0,0,0,0,0,0,0,0,0,0,0,0,0,0,0,0,0,0],"so":{"4":0,"11":0,"13":0,"17":0,"20":0,"30":0,"68":0,"73":0,"82":0,"114":0,"117":0},"lk":0,"lt_st":0,"bat":0,"dslp":0,"sho":[],"sht":[],"ver":1}
tasmota/discovery/C8C9A33602B3/sensors {"sn":{"Time":"2026-08-10T12:19:53","ENERGY":{"TotalStartTime":"2024-10-16T00:54:45","Total":626.485,"Yesterday":0.934,"Today":0.503,"Power":59,"ApparentPower":82,"ReactivePower":57,"Factor":0.72,"Voltage":122,"Current":0.672}},"ver":1}
tasmota/discovery/08F9E063B50E/config {"ip":"192.168.2.241","dn":"TV","fn":["sonoff2",null,null,null,null,null,null,null],"hn":"sonoff2","mac":"08F9E063B50E","md":"Sonoff S31","ty":0,"if":0,"ofln":"Offline","onln":"Online","state":["OFF","ON","TOGGLE","HOLD"],"sw":"14.2.0","t":"tv","ft":"%prefix%/%topic%/","tp":["cmnd","stat","tele"],"rl":[1,0,0,0,0,0,0,0,0,0,0,0,0,0,0,0,0,0,0,0,0,0,0,0,0,0,0,0,0,0,0,0],"swc":[-1,-1,-1,-1,-1,-1,-1,-1,-1,-1,-1,-1,-1,-1,-1,-1,-1,-1,-1,-1,-1,-1,-1,-1,-1,-1,-1,-1],"swn":[null,null,null,null,null,null,null,null,null,null,null,null,null,null,null,null,null,null,null,null,null,null,null,null,null,null,null,null],"btn":[0,0,0,0,0,0,0,0,0,0,0,0,0,0,0,0,0,0,0,0,0,0,0,0,0,0,0,0,0,0,0,0],"so":{"4":0,"11":0,"13":0,"17":0,"20":0,"30":0,"68":0,"73":0,"82":0,"114":0,"117":0},"lk":0,"lt_st":0,"bat":0,"dslp":0,"sho":[],"sht":[],"ver":1}
tasmota/discovery/08F9E063B50E/sensors {"sn":{"Time":"2026-08-13T20:25:25","ENERGY":{"TotalStartTime":"2024-10-16T00:46:09","Total":806.306,"Yesterday":0.013,"Today":0.000,"Power":1,"ApparentPower":4,"ReactivePower":4,"Factor":0.22,"Voltage":121,"Current":0.036}},"ver":1}
tasmota/discovery/08F9E063B3AD/config {"ip":"192.168.2.152","dn":"Fridge","fn":["Tasmota",null,null,null,null,null,null,null],"hn":"sonoff3","mac":"08F9E063B3AD","md":"Sonoff S31","ty":0,"if":0,"ofln":"Offline","onln":"Online","state":["OFF","ON","TOGGLE","HOLD"],"sw":"14.2.0","t":"fridge","ft":"%prefix%/%topic%/","tp":["cmnd","stat","tele"],"rl":[1,0,0,0,0,0,0,0,0,0,0,0,0,0,0,0,0,0,0,0,0,0,0,0,0,0,0,0,0,0,0,0],"swc":[-1,-1,-1,-1,-1,-1,-1,-1,-1,-1,-1,-1,-1,-1,-1,-1,-1,-1,-1,-1,-1,-1,-1,-1,-1,-1,-1,-1],"swn":[null,null,null,null,null,null,null,null,null,null,null,null,null,null,null,null,null,null,null,null,null,null,null,null,null,null,null,null],"btn":[0,0,0,0,0,0,0,0,0,0,0,0,0,0,0,0,0,0,0,0,0,0,0,0,0,0,0,0,0,0,0,0],"so":{"4":0,"11":0,"13":0,"17":0,"20":0,"30":0,"68":0,"73":0,"82":0,"114":0,"117":0},"lk":0,"lt_st":0,"bat":0,"dslp":0,"sho":[],"sht":[],"ver":1}
tasmota/discovery/08F9E063B3AD/sensors {"sn":{"Time":"1970-01-01T00:22:23","ENERGY":{"TotalStartTime":"2024-10-16T00:50:38","Total":581.400,"Yesterday":0.000,"Today":0.000,"Power":0,"ApparentPower":0,"ReactivePower":0,"Factor":0.00,"Voltage":0,"Current":0.000}},"ver":1}
tele/tesla/STATE {"Time":"2026-08-19T04:01:51","Uptime":"8T15:40:17","UptimeSec":747617,"Heap":26,"SleepMode":"Dynamic","Sleep":50,"LoadAvg":19,"MqttCount":1,"POWER":"ON","Wifi":{"AP":1,"SSId":"skynet2","BSSId":"E8:9F:80:E5:46:AC","Channel":1,"RSSI":100,"Signal":-27,"LinkCount":1,"Downtime":"0T00:00:07"}}
tele/tesla/SENSOR {"Time":"2026-08-19T04:01:51","ENERGY":{"TotalStartTime":"2020-09-30T03:46:24","Total":5554.210,"Yesterday":0.302,"Today":0.020,"Period":0,"Power":4,"ApparentPower":8,"ReactivePower":7,"Factor":0.47,"Voltage":121,"Current":0.067}}
tele/Richard/STATE {"Time":"2026-08-19T04:02:07","Uptime":"8T15:40:18","UptimeSec":747618,"Heap":26,"SleepMode":"Dynamic","Sleep":50,"LoadAvg":19,"MqttCount":1,"POWER":"ON","Wifi":{"AP":1,"SSId":"skynet2","BSSId":"D8:EC:5E:DE:62:3F","Channel":8,"RSSI":100,"Signal":-47,"LinkCount":1,"Downtime":"0T00:00:07"}}
tele/Richard/SENSOR {"Time":"2026-08-19T04:02:07","ENERGY":{"TotalStartTime":"2020-09-30T02:29:05","Total":535.993,"Yesterday":1.210,"Today":0.072,"Period":1,"Power":12,"ApparentPower":18,"ReactivePower":13,"Factor":0.66,"Voltage":118,"Current":0.150}}
tele/Albert/STATE {"Time":"2026-08-19T05:02:09","Uptime":"1T04:50:17","UptimeSec":103817,"Heap":26,"SleepMode":"Dynamic","Sleep":50,"LoadAvg":19,"MqttCount":4,"POWER":"ON","Wifi":{"AP":1,"SSId":"skynet2","BSSId":"D8:EC:5E:0C:29:D6","Channel":11,"Mode":"11n","RSSI":68,"Signal":-66,"LinkCount":4,"Downtime":"0T00:39:23"}}
tele/Albert/SENSOR {"Time":"2026-08-19T05:02:09","ENERGY":{"TotalStartTime":"2024-10-16T00:46:09","Total":136.088,"Yesterday":0.277,"Today":0.026,"Period":0,"Power":3,"ApparentPower":9,"ReactivePower":9,"Factor":0.32,"Voltage":117,"Current":0.078}}
tele/peggy/STATE {"Time":"2026-08-19T04:05:00","Uptime":"8T13:05:19","UptimeSec":738319,"Heap":26,"SleepMode":"Dynamic","Sleep":50,"LoadAvg":19,"MqttCount":1,"POWER":"ON","Wifi":{"AP":1,"SSId":"skynet2","BSSId":"D8:EC:5E:DE:62:3F","Channel":8,"RSSI":44,"Signal":-78,"LinkCount":1,"Downtime":"0T00:00:07"}}
tele/peggy/SENSOR {"Time":"2026-08-19T04:05:00","ENERGY":{"TotalStartTime":"2020-09-30T02:29:05","Total":12157.313,"Yesterday":0.674,"Today":0.179,"Period":0,"Power":2,"ApparentPower":6,"ReactivePower":5,"Factor":0.27,"Voltage":121,"Current":0.046}}
tele/server/STATE {"Time":"2026-08-19T04:05:03","Uptime":"15T14:42:02","UptimeSec":1348922,"Heap":25,"SleepMode":"Dynamic","Sleep":50,"LoadAvg":19,"MqttCount":2,"POWER":"ON","Wifi":{"AP":1,"SSId":"skynet2","BSSId":"E8:9F:80:E5:46:AC","Channel":1,"Mode":"11n","RSSI":100,"Signal":-26,"LinkCount":2,"Downtime":"0T00:02:08"}}
tele/server/SENSOR {"Time":"2026-08-19T04:05:03","ENERGY":{"TotalStartTime":"2024-10-16T00:54:45","Total":636.341,"Yesterday":1.226,"Today":0.184,"Period":4,"Power":44,"ApparentPower":68,"ReactivePower":51,"Factor":0.65,"Voltage":121,"Current":0.559}}
tele/tesla/STATE {"Time":"2026-08-19T04:06:51","Uptime":"8T15:45:17","UptimeSec":747917,"Heap":26,"SleepMode":"Dynamic","Sleep":50,"LoadAvg":19,"MqttCount":1,"POWER":"ON","Wifi":{"AP":1,"SSId":"skynet2","BSSId":"E8:9F:80:E5:46:AC","Channel":1,"RSSI":100,"Signal":-28,"LinkCount":1,"Downtime":"0T00:00:07"}}
tele/tesla/SENSOR {"Time":"2026-08-19T04:06:51","ENERGY":{"TotalStartTime":"2020-09-30T03:46:24","Total":5554.210,"Yesterday":0.302,"Today":0.020,"Period":0,"Power":4,"ApparentPower":8,"ReactivePower":7,"Factor":0.43,"Voltage":121,"Current":0.068}}
tele/Richard/STATE {"Time":"2026-08-19T04:07:07","Uptime":"8T15:45:18","UptimeSec":747918,"Heap":26,"SleepMode":"Dynamic","Sleep":50,"LoadAvg":19,"MqttCount":1,"POWER":"ON","Wifi":{"AP":1,"SSId":"skynet2","BSSId":"D8:EC:5E:DE:62:3F","Channel":8,"RSSI":100,"Signal":-46,"LinkCount":1,"Downtime":"0T00:00:07"}}
tele/Richard/SENSOR {"Time":"2026-08-19T04:07:07","ENERGY":{"TotalStartTime":"2020-09-30T02:29:05","Total":535.994,"Yesterday":1.210,"Today":0.073,"Period":1,"Power":12,"ApparentPower":18,"ReactivePower":13,"Factor":0.66,"Voltage":118,"Current":0.150}}
tele/Albert/STATE {"Time":"2026-08-19T05:07:09","Uptime":"1T04:55:17","UptimeSec":104117,"Heap":26,"SleepMode":"Dynamic","Sleep":50,"LoadAvg":19,"MqttCount":4,"POWER":"ON","Wifi":{"AP":1,"SSId":"skynet2","BSSId":"D8:EC:5E:0C:29:D6","Channel":11,"Mode":"11n","RSSI":64,"Signal":-68,"LinkCount":4,"Downtime":"0T00:39:23"}}
tele/Albert/SENSOR {"Time":"2026-08-19T05:07:09","ENERGY":{"TotalStartTime":"2024-10-16T00:46:09","Total":136.089,"Yesterday":0.277,"Today":0.027,"Period":0,"Power":3,"ApparentPower":9,"ReactivePower":9,"Factor":0.31,"Voltage":117,"Current":0.078}}
